
Allocating common symbols
Common symbol       size              file

krnl_tcb            0x1248            condvar.o
last_free           0x4               eth_enc28j60.o
krnl_heap           0x7a120           condvar.o
krnl_current_task   0x2               condvar.o
krnl_task           0x4               condvar.o
krnl_event_queue    0x4               condvar.o
first_free          0x4               eth_enc28j60.o
krnl_tasks          0x2               condvar.o
krnl_ap_queue       0x4               condvar.o
krnl_pcb            0x1c              condvar.o
krnl_free           0x4               condvar.o
krnl_run_queue      0x4               condvar.o
krnl_rt_queue       0x4               condvar.o
krnl_schedule       0x2               condvar.o
krnl_delay_queue    0x4               condvar.o

Discarded input sections

 .text          0x0000000000000000        0x0 condvar.o
 .data          0x0000000000000000        0x0 condvar.o
 .bss           0x0000000000000000        0x0 condvar.o
 .pdr           0x0000000000000000       0xa0 condvar.o
 .text.hf_condinit
                0x0000000000000000       0x68 condvar.o
 .text.hf_conddestroy
                0x0000000000000000       0x64 condvar.o
 .text.hf_condwait
                0x0000000000000000       0xac condvar.o
 .text.hf_condsignal
                0x0000000000000000       0x50 condvar.o
 .text.hf_condbroadcast
                0x0000000000000000       0x78 condvar.o
 .text          0x0000000000000000        0x0 crc.o
 .data          0x0000000000000000        0x0 crc.o
 .bss           0x0000000000000000        0x0 crc.o
 .reginfo       0x0000000000000000       0x18 crc.o
 .MIPS.abiflags
                0x0000000000000000       0x18 crc.o
 .pdr           0x0000000000000000       0x60 crc.o
 .mdebug.abi32  0x0000000000000000        0x0 crc.o
 .text.hf_crc16
                0x0000000000000000       0x6c crc.o
 .text.hf_crc32
                0x0000000000000000       0x50 crc.o
 .text.hf_crc64
                0x0000000000000000       0x74 crc.o
 .comment       0x0000000000000000       0x12 crc.o
 .gnu.attributes
                0x0000000000000000       0x10 crc.o
 .data          0x0000000000000000        0x0 crt0.o
 .bss           0x0000000000000000        0x0 crt0.o
 .reginfo       0x0000000000000000       0x18 crt0.o
 .MIPS.abiflags
                0x0000000000000000       0x18 crt0.o
 .pdr           0x0000000000000000       0xa0 crt0.o
 .text          0x0000000000000000        0x0 eth_enc28j60.o
 .data          0x0000000000000000        0x0 eth_enc28j60.o
 .bss           0x0000000000000000        0x0 eth_enc28j60.o
 .reginfo       0x0000000000000000       0x18 eth_enc28j60.o
 .MIPS.abiflags
                0x0000000000000000       0x18 eth_enc28j60.o
 .text          0x0000000000000000        0x0 hal.o
 .data          0x0000000000000000        0x0 hal.o
 .bss           0x0000000000000000        0x0 hal.o
 .reginfo       0x0000000000000000       0x18 hal.o
 .MIPS.abiflags
                0x0000000000000000       0x18 hal.o
 .pdr           0x0000000000000000      0x380 hal.o
 .text.kbhit    0x0000000000000000       0x10 hal.o
 .text.getchar  0x0000000000000000       0x20 hal.o
 .text.delay_us
                0x0000000000000000      0x124 hal.o
 .text.led_set  0x0000000000000000        0x8 hal.o
 .text.button_get
                0x0000000000000000        0x8 hal.o
 .text.switch_get
                0x0000000000000000        0x8 hal.o
 .text._cpu_idle
                0x0000000000000000        0x8 hal.o
 .text._get_task_tp
                0x0000000000000000       0x2c hal.o
 .text._readcounter
                0x0000000000000000       0x10 hal.o
 .text          0x0000000000000000        0x0 interrupt.o
 .data          0x0000000000000000        0x0 interrupt.o
 .bss           0x0000000000000000        0x0 interrupt.o
 .reginfo       0x0000000000000000       0x18 interrupt.o
 .MIPS.abiflags
                0x0000000000000000       0x18 interrupt.o
 .pdr           0x0000000000000000       0x80 interrupt.o
 .text._exception_handler
                0x0000000000000000        0xc interrupt.o
 .data.dac_vector
                0x0000000000000000       0x10 interrupt.o
 .data.adc_vector
                0x0000000000000000       0x10 interrupt.o
 .data.i2c_vector
                0x0000000000000000       0x10 interrupt.o
 .data.spi_vector
                0x0000000000000000       0x10 interrupt.o
 .data.uart_vector
                0x0000000000000000       0x40 interrupt.o
 .text          0x0000000000000000        0x0 kprintf.o
 .data          0x0000000000000000        0x0 kprintf.o
 .bss           0x0000000000000000        0x0 kprintf.o
 .reginfo       0x0000000000000000       0x18 kprintf.o
 .MIPS.abiflags
                0x0000000000000000       0x18 kprintf.o
 .pdr           0x0000000000000000       0x60 kprintf.o
 .text          0x0000000000000000        0x0 libc.o
 .data          0x0000000000000000        0x0 libc.o
 .bss           0x0000000000000000        0x0 libc.o
 .reginfo       0x0000000000000000       0x18 libc.o
 .MIPS.abiflags
                0x0000000000000000       0x18 libc.o
 .pdr           0x0000000000000000      0xb20 libc.o
 .text.itoa.part.1
                0x0000000000000000       0xe4 libc.o
 .text.strcpy   0x0000000000000000       0x24 libc.o
 .text.strcat   0x0000000000000000       0x48 libc.o
 .text.strncat  0x0000000000000000       0x64 libc.o
 .text.strcmp   0x0000000000000000       0x30 libc.o
 .text.strncmp  0x0000000000000000       0x38 libc.o
 .text.strstr   0x0000000000000000       0x78 libc.o
 .text.strlen   0x0000000000000000       0x34 libc.o
 .text.strchr   0x0000000000000000       0x30 libc.o
 .text.strpbrk  0x0000000000000000       0x5c libc.o
 .text.strsep   0x0000000000000000       0x78 libc.o
 .text.strtok   0x0000000000000000       0xb8 libc.o
 .text.memcpy   0x0000000000000000       0x2c libc.o
 .text.memmove  0x0000000000000000       0x60 libc.o
 .text.memcmp   0x0000000000000000       0x54 libc.o
 .text.strtol   0x0000000000000000      0x110 libc.o
 .text.atoi     0x0000000000000000       0xb0 libc.o
 .text.atof     0x0000000000000000      0x1d4 libc.o
 .text.ftoa     0x0000000000000000      0x17c libc.o
 .text.itoa     0x0000000000000000       0x50 libc.o
 .text.puts     0x0000000000000000       0x4c libc.o
 .text.gets     0x0000000000000000       0x74 libc.o
 .text.abs      0x0000000000000000       0x10 libc.o
 .text.srand    0x0000000000000000        0xc libc.o
 .text.hexdump  0x0000000000000000      0x144 libc.o
 .text.sprintf  0x0000000000000000       0x34 libc.o
 .text.malloc   0x0000000000000000        0x8 libc.o
 .text.free     0x0000000000000000        0x8 libc.o
 .text.calloc   0x0000000000000000        0x8 libc.o
 .text.realloc  0x0000000000000000        0x8 libc.o
 .text.__mulsi3
                0x0000000000000000       0x28 libc.o
 .text.__muldsi3
                0x0000000000000000       0xc4 libc.o
 .text.__muldi3
                0x0000000000000000       0xac libc.o
 .text.__ashldi3
                0x0000000000000000       0x3c libc.o
 .text.__ashrdi3
                0x0000000000000000       0x44 libc.o
 .text.__lshrdi3
                0x0000000000000000       0x3c libc.o
 .text.__udivmoddi4
                0x0000000000000000       0x20 libc.o
 .text.__umoddi3
                0x0000000000000000       0x30 libc.o
 .text.__moddi3
                0x0000000000000000       0xac libc.o
 .text.__divdi3
                0x0000000000000000       0xd4 libc.o
 .text.__addsf3
                0x0000000000000000      0x150 libc.o
 .text.__subsf3
                0x0000000000000000       0x30 libc.o
 .text.__cmpsf2
                0x0000000000000000       0x48 libc.o
 .text.__ltsf2  0x0000000000000000       0x20 libc.o
 .text.__lesf2  0x0000000000000000       0x20 libc.o
 .text.__gtsf2  0x0000000000000000       0x20 libc.o
 .text.__gesf2  0x0000000000000000       0x20 libc.o
 .text.__eqsf2  0x0000000000000000        0xc libc.o
 .text.__nesf2  0x0000000000000000        0xc libc.o
 .text.__mulsf3
                0x0000000000000000      0x12c libc.o
 .text.__divsf3
                0x0000000000000000       0xdc libc.o
 .text.__negsf2
                0x0000000000000000       0x18 libc.o
 .text.__fixsfsi
                0x0000000000000000       0x50 libc.o
 .text.__fixunssfsi
                0x0000000000000000       0x50 libc.o
 .text.__floatsisf
                0x0000000000000000       0x90 libc.o
 .text.__floatunsisf
                0x0000000000000000       0x84 libc.o
 .text.__floatsidf
                0x0000000000000000       0xa4 libc.o
 .text.__floatdidf
                0x0000000000000000       0xcc libc.o
 .text.__negdf2
                0x0000000000000000       0x30 libc.o
 .text.__extendsfdf2
                0x0000000000000000       0x50 libc.o
 .text.__truncdfsf2
                0x0000000000000000       0x88 libc.o
 .text.__cmpdf2
                0x0000000000000000       0x58 libc.o
 .text.__fixdfsi
                0x0000000000000000       0x84 libc.o
 .text.__fixdfdi
                0x0000000000000000       0xbc libc.o
 .text.__fixunsdfsi
                0x0000000000000000       0x64 libc.o
 .text.__fixunsdfdi
                0x0000000000000000       0x7c libc.o
 .text.__adddf3
                0x0000000000000000      0x258 libc.o
 .text.__subdf3
                0x0000000000000000       0x38 libc.o
 .text.__muldf3
                0x0000000000000000      0x220 libc.o
 .text.__divdf3
                0x0000000000000000      0x1ac libc.o
 .text.__gtdf2  0x0000000000000000       0x7c libc.o
 .text.__gedf2  0x0000000000000000       0x7c libc.o
 .text.__ltdf2  0x0000000000000000       0x7c libc.o
 .text.__ledf2  0x0000000000000000       0x7c libc.o
 .text.__eqdf2  0x0000000000000000       0x14 libc.o
 .text.__nedf2  0x0000000000000000       0x14 libc.o
 .bss.last.1249
                0x0000000000000000        0x4 libc.o
 .rodata.cst4   0x0000000000000000       0x14 libc.o
 .text          0x0000000000000000        0x0 list.o
 .data          0x0000000000000000        0x0 list.o
 .bss           0x0000000000000000        0x0 list.o
 .reginfo       0x0000000000000000       0x18 list.o
 .MIPS.abiflags
                0x0000000000000000       0x18 list.o
 .pdr           0x0000000000000000       0xe0 list.o
 .mdebug.abi32  0x0000000000000000        0x0 list.o
 .text.hf_list_init
                0x0000000000000000       0x2c list.o
 .text.hf_list_append
                0x0000000000000000       0x68 list.o
 .text.hf_list_insert
                0x0000000000000000       0x90 list.o
 .text.hf_list_remove
                0x0000000000000000       0x58 list.o
 .text.hf_list_get
                0x0000000000000000       0x30 list.o
 .text.hf_list_set
                0x0000000000000000       0x34 list.o
 .text.hf_list_count
                0x0000000000000000       0x20 list.o
 .comment       0x0000000000000000       0x12 list.o
 .gnu.attributes
                0x0000000000000000       0x10 list.o
 .scommon       0x0000000000000000        0x0 list.o
 .text          0x0000000000000000        0x0 main.o
 .data          0x0000000000000000        0x0 main.o
 .bss           0x0000000000000000        0x0 main.o
 .reginfo       0x0000000000000000       0x18 main.o
 .MIPS.abiflags
                0x0000000000000000       0x18 main.o
 .pdr           0x0000000000000000       0x20 main.o
 .text          0x0000000000000000        0x0 malloc.o
 .data          0x0000000000000000        0x0 malloc.o
 .bss           0x0000000000000000        0x0 malloc.o
 .reginfo       0x0000000000000000       0x18 malloc.o
 .MIPS.abiflags
                0x0000000000000000       0x18 malloc.o
 .pdr           0x0000000000000000       0xa0 malloc.o
 .text.hf_calloc
                0x0000000000000000       0x50 malloc.o
 .text.hf_realloc
                0x0000000000000000       0x9c malloc.o
 .text          0x0000000000000000        0x0 math.o
 .data          0x0000000000000000        0x0 math.o
 .bss           0x0000000000000000        0x0 math.o
 .reginfo       0x0000000000000000       0x18 math.o
 .MIPS.abiflags
                0x0000000000000000       0x18 math.o
 .pdr           0x0000000000000000      0x320 math.o
 .mdebug.abi32  0x0000000000000000        0x0 math.o
 .text.xatan    0x0000000000000000      0x150 math.o
 .text.satan    0x0000000000000000       0xf4 math.o
 .text.frexp.part.1
                0x0000000000000000       0x3c math.o
 .text.fabs     0x0000000000000000       0x3c math.o
 .text.frexp    0x0000000000000000       0x58 math.o
 .text.ldexp    0x0000000000000000      0x1a0 math.o
 .text.modf     0x0000000000000000       0xb8 math.o
 .text.sinus    0x0000000000000000      0x244 math.o
 .text.floor    0x0000000000000000       0xa0 math.o
 .text.ceil     0x0000000000000000       0x2c math.o
 .text.sqrt     0x0000000000000000      0x22c math.o
 .text.exp      0x0000000000000000      0x20c math.o
 .text.log      0x0000000000000000      0x244 math.o
 .text.log10    0x0000000000000000       0x2c math.o
 .text.pow      0x0000000000000000      0x10c math.o
 .text.cos      0x0000000000000000       0x3c math.o
 .text.sin      0x0000000000000000        0x8 math.o
 .text.tan      0x0000000000000000      0x2a0 math.o
 .text.atan     0x0000000000000000       0x5c math.o
 .text.atan2    0x0000000000000000      0x164 math.o
 .text.asin     0x0000000000000000      0x128 math.o
 .text.acos     0x0000000000000000       0x8c math.o
 .text.sinh     0x0000000000000000      0x220 math.o
 .text.cosh     0x0000000000000000       0xb8 math.o
 .text.tanh     0x0000000000000000       0x9c math.o
 .rodata.cst4   0x0000000000000000      0x118 math.o
 .rodata.cst8   0x0000000000000000       0x18 math.o
 .comment       0x0000000000000000       0x12 math.o
 .gnu.attributes
                0x0000000000000000       0x10 math.o
 .text          0x0000000000000000        0x0 mutex.o
 .data          0x0000000000000000        0x0 mutex.o
 .bss           0x0000000000000000        0x0 mutex.o
 .reginfo       0x0000000000000000       0x18 mutex.o
 .MIPS.abiflags
                0x0000000000000000       0x18 mutex.o
 .pdr           0x0000000000000000       0x60 mutex.o
 .text          0x0000000000000000        0x0 panic.o
 .data          0x0000000000000000        0x0 panic.o
 .bss           0x0000000000000000        0x0 panic.o
 .reginfo       0x0000000000000000       0x18 panic.o
 .MIPS.abiflags
                0x0000000000000000       0x18 panic.o
 .pdr           0x0000000000000000       0x20 panic.o
 .text          0x0000000000000000        0x0 processor.o
 .data          0x0000000000000000        0x0 processor.o
 .bss           0x0000000000000000        0x0 processor.o
 .reginfo       0x0000000000000000       0x18 processor.o
 .MIPS.abiflags
                0x0000000000000000       0x18 processor.o
 .pdr           0x0000000000000000       0xa0 processor.o
 .text.hf_freecpu
                0x0000000000000000       0xb4 processor.o
 .text.hf_cpuload
                0x0000000000000000      0x130 processor.o
 .text.hf_freemem
                0x0000000000000000       0x34 processor.o
 .text.hf_ticktime
                0x0000000000000000       0x34 processor.o
 .text          0x0000000000000000        0x0 queue.o
 .data          0x0000000000000000        0x0 queue.o
 .bss           0x0000000000000000        0x0 queue.o
 .reginfo       0x0000000000000000       0x18 queue.o
 .MIPS.abiflags
                0x0000000000000000       0x18 queue.o
 .pdr           0x0000000000000000      0x120 queue.o
 .text.hf_queue_destroy
                0x0000000000000000       0x50 queue.o
 .text.hf_queue_remtail
                0x0000000000000000       0x74 queue.o
 .text.hf_queue_set
                0x0000000000000000       0x80 queue.o
 .text          0x0000000000000000        0x0 sched_test2.o
 .data          0x0000000000000000        0x0 sched_test2.o
 .bss           0x0000000000000000        0x0 sched_test2.o
 .reginfo       0x0000000000000000       0x18 sched_test2.o
 .MIPS.abiflags
                0x0000000000000000       0x18 sched_test2.o
 .pdr           0x0000000000000000       0x60 sched_test2.o
 .text          0x0000000000000000        0x0 scheduler.o
 .data          0x0000000000000000        0x0 scheduler.o
 .bss           0x0000000000000000        0x0 scheduler.o
 .reginfo       0x0000000000000000       0x18 scheduler.o
 .MIPS.abiflags
                0x0000000000000000       0x18 scheduler.o
 .pdr           0x0000000000000000       0xe0 scheduler.o
 .text.sched_rr
                0x0000000000000000       0x74 scheduler.o
 .text.sched_lottery
                0x0000000000000000       0xc8 scheduler.o
 .text          0x0000000000000000        0x0 semaphore.o
 .data          0x0000000000000000        0x0 semaphore.o
 .bss           0x0000000000000000        0x0 semaphore.o
 .reginfo       0x0000000000000000       0x18 semaphore.o
 .MIPS.abiflags
                0x0000000000000000       0x18 semaphore.o
 .pdr           0x0000000000000000       0x80 semaphore.o
 .mdebug.abi32  0x0000000000000000        0x0 semaphore.o
 .text.hf_seminit
                0x0000000000000000       0x84 semaphore.o
 .text.hf_semdestroy
                0x0000000000000000       0x64 semaphore.o
 .text.hf_semwait
                0x0000000000000000       0xc0 semaphore.o
 .text.hf_sempost
                0x0000000000000000       0x94 semaphore.o
 .comment       0x0000000000000000       0x12 semaphore.o
 .gnu.attributes
                0x0000000000000000       0x10 semaphore.o
 .scommon       0x0000000000000000        0x0 semaphore.o
 .text          0x0000000000000000        0x0 task.o
 .data          0x0000000000000000        0x0 task.o
 .bss           0x0000000000000000        0x0 task.o
 .reginfo       0x0000000000000000       0x18 task.o
 .MIPS.abiflags
                0x0000000000000000       0x18 task.o
 .pdr           0x0000000000000000      0x1e0 task.o
 .text.hf_id    0x0000000000000000       0xc8 task.o
 .text.hf_name  0x0000000000000000       0x7c task.o
 .text.hf_state
                0x0000000000000000       0x74 task.o
 .text.hf_priorityset
                0x0000000000000000       0x94 task.o
 .text.hf_priorityget
                0x0000000000000000       0x80 task.o
 .text.hf_block
                0x0000000000000000      0x16c task.o
 .text.hf_resume
                0x0000000000000000      0x170 task.o
 .text.hf_delay
                0x0000000000000000      0x304 task.o

Memory Configuration

Name             Origin             Length             Attributes
rom              0x0000000000000000 0x0000000010000000
ram              0x0000000040000000 0x0000000010000000
ram_top          0x000000004ffffc00 0x0000000000000400
*default*        0x0000000000000000 0xffffffffffffffff

Linker script and memory map

                0x000000004ffffffc                _stack = 0x4ffffffc
                0x0000000000000000                . = 0x0

.text           0x0000000040000000     0x3618
 *(.text.init)
                0x0000000040000000                _text = .
 *(.text)
 .text          0x0000000040000000      0x2a8 crt0.o
                0x0000000040000000                _entry
                0x0000000040000100                _isr
                0x0000000040000208                _interrupt_set
                0x0000000040000220                _context_save
                0x000000004000025c                _context_restore
 *(.text.*)
 .text._idletask
                0x00000000400002a8        0x8 hal.o
 .text.putchar  0x00000000400002b0       0x20 hal.o
                0x00000000400002b0                putchar
 .text.dputchar
                0x00000000400002d0       0x10 hal.o
                0x00000000400002d0                dputchar
 .text.delay_ms
                0x00000000400002e0      0x124 hal.o
                0x00000000400002e0                delay_ms
 .text._hardware_init
                0x0000000040000404       0x28 hal.o
                0x0000000040000404                _hardware_init
 .text._vm_init
                0x000000004000042c       0x30 hal.o
                0x000000004000042c                _vm_init
 .text._sched_init
                0x000000004000045c        0xc hal.o
                0x000000004000045c                _sched_init
 .text.timer0b_handler
                0x0000000040000468        0x8 hal.o
                0x0000000040000468                timer0b_handler
 .text.timer1ctc_handler
                0x0000000040000470        0x8 hal.o
                0x0000000040000470                timer1ctc_handler
 .text._timer_init
                0x0000000040000478       0x30 hal.o
                0x0000000040000478                _timer_init
 .text._irq_init
                0x00000000400004a8       0x30 hal.o
                0x00000000400004a8                _irq_init
 .text._device_init
                0x00000000400004d8        0xc hal.o
                0x00000000400004d8                _device_init
 .text._task_init
                0x00000000400004e4       0x9c hal.o
                0x00000000400004e4                _task_init
 .text._set_task_sp
                0x0000000040000580       0x2c hal.o
                0x0000000040000580                _set_task_sp
 .text._get_task_sp
                0x00000000400005ac       0x2c hal.o
                0x00000000400005ac                _get_task_sp
 .text._set_task_tp
                0x00000000400005d8       0x2c hal.o
                0x00000000400005d8                _set_task_tp
 .text._read_us
                0x0000000040000604       0x90 hal.o
                0x0000000040000604                _read_us
 .text._timer_reset
                0x0000000040000694       0x3c hal.o
                0x0000000040000694                _timer_reset
 .text._panic   0x00000000400006d0       0x10 hal.o
                0x00000000400006d0                _panic
 .text.dummy_handler
                0x00000000400006e0        0xc interrupt.o
                0x00000000400006e0                timer0a_handler
                0x00000000400006e0                irq4_handler
                0x00000000400006e0                spi0_handler
                0x00000000400006e0                uart7tx_handler
                0x00000000400006e0                uart6tx_handler
                0x00000000400006e0                adc2_handler
                0x00000000400006e0                irq2_handler
                0x00000000400006e0                timer4ocr_handler
                0x00000000400006e0                irq7_handler
                0x00000000400006e0                timer3ocr_handler
                0x00000000400006e0                timer7ctc_handler
                0x00000000400006e0                uart7rx_handler
                0x00000000400006e0                uart4tx_handler
                0x00000000400006e0                uart2rx_handler
                0x00000000400006e0                porta_handler
                0x00000000400006e0                uart3rx_handler
                0x00000000400006e0                portd_handler
                0x00000000400006e0                uart2tx_handler
                0x00000000400006e0                uart3tx_handler
                0x00000000400006e0                portc_handler
                0x00000000400006e0                uart0rx_handler
                0x00000000400006e0                dummy_handler
                0x00000000400006e0                adc3_handler
                0x00000000400006e0                irq3_handler
                0x00000000400006e0                timer6ctc_handler
                0x00000000400006e0                adc1_handler
                0x00000000400006e0                irq1_handler
                0x00000000400006e0                i2c1_handler
                0x00000000400006e0                spi2_handler
                0x00000000400006e0                irq6_handler
                0x00000000400006e0                timer4ctc_handler
                0x00000000400006e0                dac2_handler
                0x00000000400006e0                timer5ctc_handler
                0x00000000400006e0                uart0tx_handler
                0x00000000400006e0                portb_handler
                0x00000000400006e0                dac0_handler
                0x00000000400006e0                uart5tx_handler
                0x00000000400006e0                spi1_handler
                0x00000000400006e0                uart1tx_handler
                0x00000000400006e0                i2c0_handler
                0x00000000400006e0                spi3_handler
                0x00000000400006e0                dac1_handler
                0x00000000400006e0                uart1rx_handler
                0x00000000400006e0                timer6ocr_handler
                0x00000000400006e0                uart6rx_handler
                0x00000000400006e0                uart5rx_handler
                0x00000000400006e0                timer2ocr_handler
                0x00000000400006e0                timer2ctc_handler
                0x00000000400006e0                timer7ocr_handler
                0x00000000400006e0                timer5ocr_handler
                0x00000000400006e0                adc0_handler
                0x00000000400006e0                timer3ctc_handler
                0x00000000400006e0                i2c2_handler
                0x00000000400006e0                dac3_handler
                0x00000000400006e0                i2c3_handler
                0x00000000400006e0                timer1ocr_handler
                0x00000000400006e0                uart4rx_handler
                0x00000000400006e0                irq5_handler
 .text.irq0_handler
                0x00000000400006ec      0x238 interrupt.o
                0x00000000400006ec                irq0_handler
 .text._irq_handler
                0x0000000040000924       0x84 interrupt.o
                0x0000000040000924                _irq_handler
 .text.kitoa.part.0
                0x00000000400009a8      0x198 kprintf.o
 .text.kprintf  0x0000000040000b40      0x1d8 kprintf.o
                0x0000000040000b40                kprintf
 .text.dprintf  0x0000000040000d18      0x1f4 kprintf.o
                0x0000000040000d18                dprintf
 .text.printchar.part.0
                0x0000000040000f0c       0x18 libc.o
 .text.__udivmoddi4.part.2
                0x0000000040000f24       0xe8 libc.o
 .text.vsprintf
                0x000000004000100c      0x41c libc.o
 .text.strncpy  0x0000000040001428       0x78 libc.o
                0x0000000040001428                strncpy
 .text.memset   0x00000000400014a0       0x28 libc.o
                0x00000000400014a0                memset
 .text.random   0x00000000400014c8       0x54 libc.o
                0x00000000400014c8                random
 .text.printf   0x000000004000151c       0x3c libc.o
                0x000000004000151c                printf
 .text.__udivmodsi4
                0x0000000040001558       0x8c libc.o
                0x0000000040001558                __udivmodsi4
 .text.__divsi3
                0x00000000400015e4       0x78 libc.o
                0x00000000400015e4                __divsi3
 .text.__modsi3
                0x000000004000165c       0x88 libc.o
                0x000000004000165c                __modsi3
 .text.__udivsi3
                0x00000000400016e4        0x8 libc.o
                0x00000000400016e4                __udivsi3
 .text.__umodsi3
                0x00000000400016ec        0x8 libc.o
                0x00000000400016ec                __umodsi3
 .text.__udivdi3
                0x00000000400016f4       0x38 libc.o
                0x00000000400016f4                __udivdi3
 .text.startup.main
                0x000000004000172c      0x2bc main.o
                0x000000004000172c                main
 .text.hf_free  0x00000000400019e8       0x6c malloc.o
                0x00000000400019e8                hf_free
 .text.hf_malloc
                0x0000000040001a54      0x134 malloc.o
                0x0000000040001a54                hf_malloc
 .text.heapinit
                0x0000000040001b88       0x54 malloc.o
                0x0000000040001b88                heapinit
 .text.hf_mtxinit
                0x0000000040001bdc        0xc mutex.o
                0x0000000040001bdc                hf_mtxinit
 .text.hf_mtxlock
                0x0000000040001be8       0x58 mutex.o
                0x0000000040001be8                hf_mtxlock
 .text.hf_mtxunlock
                0x0000000040001c40        0xc mutex.o
                0x0000000040001c40                hf_mtxunlock
 .text.panic    0x0000000040001c4c      0x1cc panic.o
                0x0000000040001c4c                panic
 .text.hf_schedlock
                0x0000000040001e18       0x58 processor.o
                0x0000000040001e18                hf_schedlock
 .text.hf_queue_create
                0x0000000040001e70       0x78 queue.o
                0x0000000040001e70                hf_queue_create
 .text.hf_queue_count
                0x0000000040001ee8        0x8 queue.o
                0x0000000040001ee8                hf_queue_count
 .text.hf_queue_addtail
                0x0000000040001ef0       0x90 queue.o
                0x0000000040001ef0                hf_queue_addtail
 .text.hf_queue_remhead
                0x0000000040001f80       0x74 queue.o
                0x0000000040001f80                hf_queue_remhead
 .text.hf_queue_get
                0x0000000040001ff4       0x70 queue.o
                0x0000000040001ff4                hf_queue_get
 .text.hf_queue_swap
                0x0000000040002064       0xe0 queue.o
                0x0000000040002064                hf_queue_swap
 .text.task     0x0000000040002144       0xb8 sched_test2.o
                0x0000000040002144                task
 .text.genAPTask
                0x00000000400021fc       0x68 sched_test2.o
                0x00000000400021fc                genAPTask
 .text.app_main
                0x0000000040002264       0x9c sched_test2.o
                0x0000000040002264                app_main
 .text.run_queue_next
                0x0000000040002300       0x70 scheduler.o
 .text.dispatch_isr
                0x0000000040002370      0x2a4 scheduler.o
                0x0000000040002370                dispatch_isr
 .text.sched_priorityrr
                0x0000000040002614      0x178 scheduler.o
                0x0000000040002614                sched_priorityrr
 .text.sched_rma
                0x000000004000278c      0x240 scheduler.o
                0x000000004000278c                sched_rma
 .text.sched_ap
                0x00000000400029cc      0x134 scheduler.o
                0x00000000400029cc                sched_ap
 .text.hf_selfid
                0x0000000040002b00       0x38 task.o
                0x0000000040002b00                hf_selfid
 .text.hf_selfname
                0x0000000040002b38       0x38 task.o
                0x0000000040002b38                hf_selfname
 .text.hf_jobs  0x0000000040002b70       0xa8 task.o
                0x0000000040002b70                hf_jobs
 .text.hf_dlm   0x0000000040002c18       0x74 task.o
                0x0000000040002c18                hf_dlm
 .text.hf_spawn
                0x0000000040002c8c      0x378 task.o
                0x0000000040002c8c                hf_spawn
 .text.hf_yield
                0x0000000040003004      0x1d4 task.o
                0x0000000040003004                hf_yield
 .text.hf_kill  0x00000000400031d8      0x440 task.o
                0x00000000400031d8                hf_kill
                0x0000000040003618                _etext = .

.rodata         0x0000000040003618      0xa28
                0x0000000040003618                _rodata = .
 *(.rodata)
 *(.rodata.*)
 .rodata.str1.4
                0x0000000040003618       0xb7 hal.o
                                         0xc3 (size before relaxing)
 *fill*         0x00000000400036cf        0x1 
 .rodata.str1.4
                0x00000000400036d0       0x3a interrupt.o
 *fill*         0x000000004000370a        0x2 
 .rodata.irq0_handler
                0x000000004000370c       0x84 interrupt.o
 .rodata.str1.4
                0x0000000040003790       0x1f kprintf.o
 *fill*         0x00000000400037af        0x1 
 .rodata.str1.4
                0x00000000400037b0       0x63 libc.o
                                         0x77 (size before relaxing)
 *fill*         0x0000000040003813        0x1 
 .rodata.vsprintf
                0x0000000040003814       0x84 libc.o
 .rodata.str1.4
                0x0000000040003898      0x184 main.o
 .rodata.str1.4
                0x0000000040003a1c      0x20c panic.o
 .rodata.panic  0x0000000040003c28       0x44 panic.o
 .rodata.str1.4
                0x0000000040003c6c       0x62 processor.o
 *fill*         0x0000000040003cce        0x2 
 .rodata.str1.4
                0x0000000040003cd0       0x3e sched_test2.o
 *fill*         0x0000000040003d0e        0x2 
 .rodata.str1.4
                0x0000000040003d10       0x21 scheduler.o
 *fill*         0x0000000040003d31        0x3 
 .rodata.str1.4
                0x0000000040003d34      0x30c task.o
                                        0x31f (size before relaxing)
                0x0000000040004040                _erodata = .

.MIPS.abiflags  0x0000000040004040       0x18
 .MIPS.abiflags
                0x0000000040004040       0x18 condvar.o

.rel.dyn        0x0000000040004058      0x1d0
 .rel.dyn       0x0000000040004058      0x1d0 interrupt.o

.data           0x0000000040004228       0x78
                0x0000000040004228                _data = .
 *(.data)
 *(.data.*)
 .data.timer_vector
                0x0000000040004228       0x40 interrupt.o
                0x0000000040004228                timer_vector
 .data.gpio_vector
                0x0000000040004268       0x10 interrupt.o
                0x0000000040004268                gpio_vector
 .data.irq_vector
                0x0000000040004278       0x20 interrupt.o
                0x0000000040004278                irq_vector
 .data.rand1    0x0000000040004298        0x4 libc.o
 .data.oops.1301
                0x000000004000429c        0x4 main.o
                0x000000004000c290                _gp = (. + 0x7ff0)
 *(.sdata)
 *(.sdata.*)
                0x00000000400042a0                . = ALIGN (0x10)
                0x00000000400042a0                _edata = .

.bss            0x00000000400042a0    0x7b3c0
                0x00000000400042a0                _bss_start = .
 *(.sbss)
 *(.sbss.*)
 *(.bss)
 *(.bss.*)
 .bss.timeref.1523
                0x00000000400042a0        0x8 hal.o
 .bss.tval2.1524
                0x00000000400042a8        0x4 hal.o
 .bss.tref.1525
                0x00000000400042ac        0x4 hal.o
 .bss.lastcount.1516
                0x00000000400042b0        0x4 hal.o
 .bss.timecount.1515
                0x00000000400042b4        0x4 hal.o
 .bss.buf.1131  0x00000000400042b8       0x20 kprintf.o
 .bss.krnl_malloc
                0x00000000400042d8        0x4 malloc.o
                0x00000000400042dc                . = ALIGN (0x4)
                0x00000000400042dc                _bss_end = .
 COMMON         0x00000000400042dc    0x7b384 condvar.o
                0x00000000400042dc                krnl_tcb
                0x0000000040005524                krnl_heap
                0x000000004007f644                krnl_pcb
                0x000000004007f660                _end = .
LOAD condvar.o
LOAD crc.o
LOAD crt0.o
LOAD eth_enc28j60.o
LOAD hal.o
LOAD interrupt.o
LOAD kprintf.o
LOAD libc.o
LOAD list.o
LOAD main.o
LOAD malloc.o
LOAD math.o
LOAD mutex.o
LOAD panic.o
LOAD processor.o
LOAD queue.o
LOAD sched_test2.o
LOAD scheduler.o
LOAD semaphore.o
LOAD task.o
OUTPUT(image.elf elf32-bigmips)

.scommon        0x000000004007f660       0x30
 .scommon       0x000000004007f660       0x28 condvar.o
                0x000000004007f660                krnl_current_task
                0x000000004007f664                krnl_task
                0x000000004007f668                krnl_event_queue
                0x000000004007f66c                krnl_tasks
                0x000000004007f670                krnl_ap_queue
                0x000000004007f674                krnl_free
                0x000000004007f678                krnl_run_queue
                0x000000004007f67c                krnl_rt_queue
                0x000000004007f680                krnl_schedule
                0x000000004007f684                krnl_delay_queue
 .scommon       0x000000004007f688        0x8 eth_enc28j60.o
                0x000000004007f688                last_free
                0x000000004007f68c                first_free

.reginfo        0x0000000000000000       0x18
 .reginfo       0x0000000000000000       0x18 condvar.o

.mdebug.abi32   0x0000000000000000        0x0
 .mdebug.abi32  0x0000000000000000        0x0 condvar.o
 .mdebug.abi32  0x0000000000000000        0x0 eth_enc28j60.o
 .mdebug.abi32  0x0000000000000000        0x0 hal.o
 .mdebug.abi32  0x0000000000000000        0x0 interrupt.o
 .mdebug.abi32  0x0000000000000000        0x0 kprintf.o
 .mdebug.abi32  0x0000000000000000        0x0 libc.o
 .mdebug.abi32  0x0000000000000000        0x0 main.o
 .mdebug.abi32  0x0000000000000000        0x0 malloc.o
 .mdebug.abi32  0x0000000000000000        0x0 mutex.o
 .mdebug.abi32  0x0000000000000000        0x0 panic.o
 .mdebug.abi32  0x0000000000000000        0x0 processor.o
 .mdebug.abi32  0x0000000000000000        0x0 queue.o
 .mdebug.abi32  0x0000000000000000        0x0 sched_test2.o
 .mdebug.abi32  0x0000000000000000        0x0 scheduler.o
 .mdebug.abi32  0x0000000000000000        0x0 task.o

.comment        0x0000000000000000       0x11
 .comment       0x0000000000000000       0x11 condvar.o
                                         0x12 (size before relaxing)
 .comment       0x0000000000000011       0x12 eth_enc28j60.o
 .comment       0x0000000000000011       0x12 hal.o
 .comment       0x0000000000000011       0x12 interrupt.o
 .comment       0x0000000000000011       0x12 kprintf.o
 .comment       0x0000000000000011       0x12 libc.o
 .comment       0x0000000000000011       0x12 main.o
 .comment       0x0000000000000011       0x12 malloc.o
 .comment       0x0000000000000011       0x12 mutex.o
 .comment       0x0000000000000011       0x12 panic.o
 .comment       0x0000000000000011       0x12 processor.o
 .comment       0x0000000000000011       0x12 queue.o
 .comment       0x0000000000000011       0x12 sched_test2.o
 .comment       0x0000000000000011       0x12 scheduler.o
 .comment       0x0000000000000011       0x12 task.o

.gnu.attributes
                0x0000000000000000       0x10
 .gnu.attributes
                0x0000000000000000       0x10 condvar.o
 .gnu.attributes
                0x0000000000000010       0x10 crt0.o
 .gnu.attributes
                0x0000000000000020       0x10 eth_enc28j60.o
 .gnu.attributes
                0x0000000000000030       0x10 hal.o
 .gnu.attributes
                0x0000000000000040       0x10 interrupt.o
 .gnu.attributes
                0x0000000000000050       0x10 kprintf.o
 .gnu.attributes
                0x0000000000000060       0x10 libc.o
 .gnu.attributes
                0x0000000000000070       0x10 main.o
 .gnu.attributes
                0x0000000000000080       0x10 malloc.o
 .gnu.attributes
                0x0000000000000090       0x10 mutex.o
 .gnu.attributes
                0x00000000000000a0       0x10 panic.o
 .gnu.attributes
                0x00000000000000b0       0x10 processor.o
 .gnu.attributes
                0x00000000000000c0       0x10 queue.o
 .gnu.attributes
                0x00000000000000d0       0x10 sched_test2.o
 .gnu.attributes
                0x00000000000000e0       0x10 scheduler.o
 .gnu.attributes
                0x00000000000000f0       0x10 task.o

.pdr            0x0000000000000000        0x0
 .pdr           0x0000000000000000        0x0 eth_enc28j60.o

.scommon        0x0000000000000000        0x0
 .scommon       0x0000000000000000        0x0 hal.o
 .scommon       0x0000000000000000        0x0 interrupt.o
 .scommon       0x0000000000000000        0x0 libc.o
 .scommon       0x0000000000000000        0x0 main.o
 .scommon       0x0000000000000000        0x0 malloc.o
 .scommon       0x0000000000000000        0x0 panic.o
 .scommon       0x0000000000000000        0x0 processor.o
 .scommon       0x0000000000000000        0x0 queue.o
 .scommon       0x0000000000000000        0x0 sched_test2.o
 .scommon       0x0000000000000000        0x0 scheduler.o
 .scommon       0x0000000000000000        0x0 task.o
